// Jest Snapshot v1, https://goo.gl/fbAQLP

exports[`snapshot 1`] = `
<View
  accessibilityState={
    {
      "busy": undefined,
      "checked": undefined,
      "disabled": undefined,
      "expanded": undefined,
      "selected": undefined,
    }
  }
  accessibilityValue={
    {
      "max": undefined,
      "min": undefined,
      "now": undefined,
      "text": undefined,
    }
  }
  accessible={true}
  collapsable={false}
  focusable={true}
  onClick={[Function]}
  onResponderGrant={[Function]}
  onResponderMove={[Function]}
  onResponderRelease={[Function]}
  onResponderTerminate={[Function]}
  onResponderTerminationRequest={[Function]}
  onStartShouldSetResponder={[Function]}
  style={
    {
      "alignItems": "center",
      "backgroundColor": "#CED4DA",
      "borderColor": "#C2185B",
      "borderRadius": 20,
      "flex": 1,
      "justifyContent": "center",
      "opacity": 1,
    }
  }
>
  <Text
    style={
      [
        {
          "alignItems": "center",
          "flex": 1,
          "fontFamily": "Poppins",
          "fontSize": 16,
          "fontWeight": "600",
          "justifyContent": "center",
          "paddingBottom": 10,
          "paddingTop": 10,
        },
        {
          "color": "#868E96",
        },
      ]
    }
  >
    Lanjut
  </Text>
</View>
`;
